bash: ./main: No such file or directory
bash: ./main: No such file or directory
bash: ./main: No such file or directory
bash: ./main: No such file or directory
bash: ./main: No such file or directory
bash: ./main: No such file or directory
